[teardown] Starting full gadget cleanup...
[teardown] Unmounting FunctionFS at /dev/ffs...
[teardown] Waiting for kernel FFS cleanup...
[teardown] Unlinking ffs.ds from config...
[teardown] Reloading kernel modules to clear stale state...
[teardown] Gadget directory removed successfully.
[teardown] Cleanup complete.
Starting DS5-Bluetooth-to-Wired-converter-on-Linux...
Modo: hidraw → USB Gadget (FunctionFS)

[Main] 📡 Aguardando DualSense conectado via Bluetooth...
[Main] 👉 Conecte o controle normalmente (bluetoothctl ou GUI).

[BT] Procurando DualSense via hidraw...
[BT] 🎮 DualSense encontrado em: /dev/hidraw12
[BT] ✅ DualSense aberto: bus=5 vendor=0x054C product=0x0CE6
[BT]    Nome: DualSense Wireless Controller
[BT] ⚠️ EVIOCGRAB falhou em /dev/input/event27: Device or resource busy
[BT] ⚠️ EVIOCGRAB falhou em /dev/input/event28: Device or resource busy
[BT] ⚠️ EVIOCGRAB falhou em /dev/input/event29: Device or resource busy
[BT] ⚠️ Nenhum dispositivo evdev do DualSense encontrado para grab.
[BT]    O sistema pode receber input duplo (real + virtual).
[BT] ✅ Bridge hidraw inicializado com sucesso.
[Main] ✅ DualSense conectado via hidraw!

[USB] Expecting setup_gadget.sh to have been run already.
[USB] UAC1 audio is DISABLED (dummy_hcd — no isochronous support).
[USB] Opening FFS ep0...
[USB] Writing descriptors (84 bytes)...
[USB] Descriptors written successfully (84 bytes).
[USB] Writing strings...
[USB] Descriptors and strings written. Opening endpoints...
[USB] Binding gadget to dummy UDC...
[USB] UDC file confirms bind: 'dummy_udc.0'
[USB] Gadget successfully bound to UDC (attempt 1).
[USB] Servicing EP0 during host enumeration...
[USB] EP0 event: BIND
[USB] EP0 event: ENABLE (host configured the gadget)
[USB] SET_IDLE value=0x0000
[USB] Sending HID Report Descriptor (289 bytes)...
[USB] GET_REPORT type=3 id=0x09 len=20
[USB] GET_REPORT type=3 id=0x20 len=64
[USB] GET_REPORT type=3 id=0x05 len=41
[USB] EP0 enumeration servicing complete.
[Audio] Skipped — UAC1 not available on this UDC.
[USB] ep_hid_out_fd does not support epoll (errno=1: Operation not permitted), using manual polling.
Entering main event loop...
[USB] Forwarding input report: LX=80 LY=82 RX=80 RY=7c L2=00 R2=00
[USB] GET_REPORT type=3 id=0x09 len=20

Caught signal 15. Initiating graceful shutdown...
Cleaning up...
[BT] Encerrando bridge hidraw...
[BT] Bridge hidraw encerrado.
Daemon shut down successfully.
